
   Misspelling  '[1mheree[0m'  
    
  Did you mean: here, hearer, sheree, herr  

   Misspelling  '[1mtypoo[0m'  
    
  Did you mean: typo, typos, type, topi  

   Misspelling  '[1merrorr[0m'  
    
  Did you mean: error, errors, errol, eerier  

   FAIL  3 misspelling(s) found in your project.  
    
  Duration: 0.00s  

